Testing genomic_lightning import...
✓ genomic_lightning imported successfully!
Testing model imports...
✓ Model classes imported successfully!
Testing lightning module imports...
✓ Lightning modules imported successfully!
Testing config imports...
✓ Config classes imported successfully!
Testing data imports...
✓ Data classes imported successfully!
All imports successful! 🎉
